// Jest Snapshot v1, https://goo.gl/fbAQLP

exports[`TelegramChartLine test Check render TelegramChartLine component 1`] = `
<svg
  style={
    Object {
      "width": undefined,
    }
  }
  viewBox="0 0 10 10"
>
  <polyline
    className="css-bqwtyj-line"
    points="1,0 6,17"
  />
  <g>
    <polyline
      className="css-1ied4zn-line"
      points="0,10 10,10"
    />
    <text
      className="css-1nvft8-label"
      x={10}
      y={34}
    >
      1
    </text>
    <text
      className="css-1nvft8-label"
      x={20}
      y={34}
    >
      2
    </text>
  </g>
  <g>
    <polyline
      className="css-1ied4zn-line"
      points="0,0 0,10"
    />
    <g>
      <text
        className="css-1nvft8-label"
        x={0}
        y={0}
      >
        1
      </text>
      <polyline
        className="css-1ied4zn-line"
        points="0,10 10,10"
      />
    </g>
    <g>
      <text
        className="css-1nvft8-label"
        x={0}
        y={8}
      >
        2
      </text>
      <polyline
        className="css-1ied4zn-line"
        points="0,20 10,20"
      />
    </g>
  </g>
</svg>
`;
